ERC report (2026-05-25T12:52:13+0000, Encoding UTF8)

***** Sheet /
[lib_symbol_mismatch]: Symbol 'RFM-0505S' doesn't match copy in library 'RFM-0505S'
    ; warning
    @(1.1176 mm, 0.6477 mm): Symbol PS1 [RFM-0505S]

[lib_symbol_mismatch]: Symbol '691313510002' doesn't match copy in library '691313510002'
    ; warning
    @(0.9906 mm, 1.1938 mm): Symbol J4 [691313510002]

[lib_symbol_mismatch]: Symbol 'RFM-0505S' doesn't match copy in library 'RFM-0505S'
    ; warning
    @(1.6764 mm, 0.6477 mm): Symbol PS2 [RFM-0505S]

[lib_symbol_mismatch]: Symbol 'TLV1117LV33DCYT' doesn't match copy in library 'TLV1117LV33DCYT'
    ; warning
    @(1.4351 mm, 1.1684 mm): Symbol U5 [TLV1117LV33DCYT]

[lib_symbol_mismatch]: Symbol 'Battery_Cell' doesn't match copy in library 'Device'
    ; warning
    @(1.7399 mm, 0.6096 mm): Symbol BT1 [Battery_Cell]

***** Sheet /Block Diagram/
***** Sheet /Project Architecture/
***** Sheet /Project Architecture/Section A - Title A/
***** Sheet /Project Architecture/Section B - Title B/
***** Sheet /Power - Sequencing/
***** Sheet /Revision History/
***** Sheet /Project Architecture/Section C - POWER/
[pin_to_pin]: Pins of type Bidirectional and Power output are connected
    ; warning
    @(1.6129 mm, 1.143 mm): Symbol U5 Pin 4 [OUT-1, Bidirectional, Line]
    @(1.6129 mm, 1.1176 mm): Symbol U5 Pin 2 [OUT, Power output, Line]

***** Sheet /Project Architecture/Section D - RTC/
 ** ERC messages: 6  Errors 0  Warnings 6
